// Jest Snapshot v1, https://goo.gl/fbAQLP

exports[`App Snapshots matches snapshot 1`] = `
<div
  id="app"
>
  <anonymous-stub
    mode="out-in"
    name="fade"
  />
</div>
`;
