// Jest Snapshot v1, https://goo.gl/fbAQLP

exports[`NavigationContainer Snapshots matches snapshot 1`] = `
<navigation-stub
  homelink="[object Object]"
  navlinks="[object Object],[object Object],[object Object],[object Object]"
/>
`;
