// Jest Snapshot v1, https://goo.gl/fbAQLP

exports[`TalkListContainer Snapshots matches snapshot 1`] = `
<talklist-stub
  talks="[object Object],[object Object],[object Object]"
/>
`;
