// Jest Snapshot v1, https://goo.gl/fbAQLP

exports[`TalkPageContainer Snapshots matches snapshot 1`] = `
<talkpage-stub
  page="[object Object]"
/>
`;
