// Jest Snapshot v1, https://goo.gl/fbAQLP

exports[`LandingPage Snapshots matches snapshot 1`] = `
<div>
  <!---->
</div>
`;
