// Jest Snapshot v1, https://goo.gl/fbAQLP

exports[`ContactForm Snapshots matches snapshot 1`] = `<!---->`;
