// Jest Snapshot v1, https://goo.gl/fbAQLP

exports[`LandingPage Snapshots matches snapshot 1`] = `
<main
  class="LandingPage"
>
  <!---->
   
  <!---->
   
  <!---->
   
  <!---->
   
  <div
    class="FlexContainer PageContent PageContent--wide LandingPage-ctaContainer"
  >
    <!---->
    <!---->
  </div>
</main>
`;
