// Jest Snapshot v1, https://goo.gl/fbAQLP

exports[`MobileNavigation Snapshots matches snapshot 1`] = `
<div
  class="MobileNav"
>
  <div
    class="MobileNav-hamburger"
  >
    <img
      alt="hamburger menu"
      src="../assets/menu.svg"
    />
  </div>
   
  <!---->
</div>
`;
