// Jest Snapshot v1, https://goo.gl/fbAQLP

exports[`ReadingTime Snapshots matches snapshot 1`] = `
<span>
  1 min read
</span>
`;
